[judge gpt] 120 evaluations
  local L11.0 -> 2/2/3/2 generation
  local E14.0 -> 2/3/2/2 generation
  local L30.0 -> 2/2/2/2 generation
  local L01.0 -> 3/4/4/3 aucune
  local L15.0 -> 2/3/3/3 aucune
  local L29.0 -> 2/3/3/2 generation
  local L21.0 -> 1/1/3/1 retrieval
  local L22.0 -> 1/2/3/2 generation
  local E30.0 -> 1/2/4/1 generation
  local E22.0 -> 2/2/3/1 generation
  local L14.1 -> 4/4/3/3 aucune
  local E28.0 -> 3/3/4/3 aucune
  local E09.0 -> 3/2/3/2 generation
  local L25.2 -> 1/2/3/1 retrieval
  local E06.0 -> 2/2/3/2 generation
  local L03.0 -> 2/2/2/2 retrieval
  local E27.0 -> 1/2/3/1 generation
  local L12.0 -> 2/2/3/1 generation
  local L19.0 -> 2/2/3/2 retrieval
  local E25.0 -> 2/2/3/2 retrieval
  local E11.0 -> 4/3/3/4 aucune
  local E26.0 -> 2/2/3/2 retrieval
  local E13.0 -> 1/2/3/1 generation
  local L20.0 -> 4/3/3/3 aucune
  local L28.0 -> 2/2/3/2 generation
  local L10.0 -> 3/2/3/2 generation
  local E11.1 -> 1/2/3/1 retrieval
  local L25.0 -> 3/4/3/3 aucune
  local L16.0 -> 2/2/3/1 generation
  local E15.0 -> 2/2/2/2 generation
  claude_ctx L29.0 -> 4/5/5/5 aucune
  claude_ctx L10.0 -> 4/5/4/4 aucune
  claude_ctx L15.0 -> 3/5/5/4 aucune
  claude_ctx L01.0 -> 3/4/4/3 aucune
  claude_ctx E11.1 -> 4/5/5/4 aucune
  claude_ctx L30.0 -> 3/3/5/4 aucune
  claude_ctx L23.0 -> 3/4/4/4 aucune
  claude_ctx L19.0 -> 3/3/4/4 aucune
  claude_ctx E21.0 -> 4/4/4/4 aucune
  claude_ctx L13.1 -> 3/4/4/4 aucune
  claude_ctx E23.2 -> 3/4/4/3 aucune
  claude_ctx E10.0 -> 2/3/3/3 retrieval
  claude_ctx E28.0 -> 4/5/5/5 aucune
  claude_ctx E05.0 -> 2/4/3/4 generation
  claude_ctx L04.0 -> 4/4/4/4 aucune
  claude_ctx L25.0 -> 4/4/5/4 aucune
  claude_ctx L12.0 -> 4/4/4/4 aucune
  claude_ctx E24.0 -> 2/3/3/3 generation
  claude_ctx E25.0 -> 3/4/4/4 aucune
  claude_ctx L21.0 -> 3/4/4/4 aucune
  claude_ctx E23.1 -> 3/5/4/5 aucune
  claude_ctx E14.0 -> 2/3/3/3 generation
  claude_ctx E11.0 -> 3/4/4/4 aucune
  claude_ctx L28.0 -> 4/4/5/4 aucune
  claude_ctx L20.0 -> 3/5/4/4 aucune
  claude_ctx L11.0 -> 3/5/4/5 aucune
  claude_ctx E01.0 -> 3/4/4/4 aucune
  claude_ctx E13.0 -> 3/3/4/4 aucune
  claude_ctx L14.0 -> 3/4/5/5 aucune
  claude_ctx E15.0 -> 4/5/5/5 aucune
  claude_norag L02.0 -> 3/5/5/5 aucune
  claude_norag L10.0 -> 3/4/4/4 aucune
  claude_norag L30.0 -> 4/4/5/4 aucune
  claude_norag L15.0 -> 4/5/5/4 aucune
  claude_norag E14.0 -> 3/4/4/4 aucune
  claude_norag L24.0 -> 4/4/5/5 aucune
  claude_norag L29.0 -> 4/5/5/5 aucune
  claude_norag L21.0 -> 2/4/5/3 retrieval
  claude_norag E29.0 -> 4/5/4/5 aucune
  claude_norag E22.0 -> 3/5/4/4 aucune
  claude_norag L13.0 -> 4/5/5/4 aucune
  claude_norag E10.0 -> 3/4/4/4 aucune
  claude_norag L01.0 -> 4/4/5/4 aucune
  claude_norag L25.0 -> 3/5/5/4 aucune
  claude_norag E06.0 -> 2/3/4/3 generation
  claude_norag E25.0 -> 3/4/5/4 aucune
  claude_norag L12.0 -> 4/5/4/5 aucune
  claude_norag E27.0 -> 4/5/5/5 aucune
  claude_norag E26.0 -> 2/4/4/3 generation
  claude_norag L19.0 -> 4/4/5/4 aucune
  claude_norag E11.0 -> 4/5/5/4 aucune
  claude_norag E23.2 -> 3/4/4/4 aucune
  claude_norag L11.0 -> None/None/None/None 
  claude_norag E15.0 -> 4/5/5/5 aucune
  claude_norag L20.0 -> 4/5/5/4 aucune
  claude_norag E11.1 -> None/None/None/None 
  claude_norag E01.0 -> 3/5/4/4 aucune
  claude_norag L26.0 -> 3/4/4/4 aucune
  gpt_norag L30.0 -> None/None/None/None 
  claude_norag L13.1 -> 4/5/5/5 aucune
  gpt_norag L03.0 -> None/None/None/None 
  claude_norag E13.0 -> 4/5/5/5 aucune
  gpt_norag E14.0 -> 5/5/5/5 aucune
  gpt_norag L10.0 -> 4/5/5/5 aucune
  gpt_norag L15.0 -> 4/5/5/5 aucune
  gpt_norag E29.0 -> None/None/None/None 
  gpt_norag E20.0 -> None/None/None/None 
  gpt_norag L24.0 -> 3/4/5/5 aucune
  gpt_norag L28.0 -> 4/5/5/5 aucune
  gpt_norag L14.0 -> None/None/None/None 
  gpt_norag L02.0 -> None/None/None/None 
  gpt_norag L21.0 -> 4/5/5/5 aucune
  gpt_norag E28.0 -> 5/5/5/5 aucune
  gpt_norag E21.0 -> None/None/None/None 
  gpt_norag L12.0 -> None/None/None/None 
  gpt_norag E27.0 -> None/None/None/None 
  gpt_norag E10.0 -> 4/5/5/5 aucune
  gpt_norag L18.0 -> None/None/None/None 
  gpt_norag E08.0 -> 4/5/5/5 aucune
  gpt_norag E23.2 -> None/None/None/None 
  gpt_norag L25.2 -> 4/5/5/5 aucune
  gpt_norag L29.0 -> None/None/None/None 
  gpt_norag E13.0 -> 4/5/5/5 aucune
  gpt_norag L11.0 -> None/None/None/None 
  gpt_norag E11.1 -> 3/5/5/4 aucune
  gpt_norag L22.0 -> 4/5/5/5 aucune
  gpt_norag L25.0 -> None/None/None/None 
  gpt_norag L14.1 -> None/None/None/None 
  gpt_norag E11.0 -> None/None/None/None 
  gpt_norag E15.0 -> 4/5/5/5 aucune
cout juge ~1.66 USD, 379s
