[judge] fact-01 (factuelle_precise)
[judge] fact-02 (factuelle_precise)
[judge] fact-03 (factuelle_precise)
[judge] fact-04 (factuelle_precise)
[judge] fact-05 (factuelle_precise)
[judge] fact-06 (factuelle_precise)
[judge] fact-07 (factuelle_precise)
[judge] fact-08 (factuelle_precise)
[judge] hp-04 (hors_perimetre)
[judge] comp-01 (comparaison)
[judge] comp-02 (comparaison)
[judge] comp-03 (comparaison)
[judge] malform-01 (mal_formulee)
[judge] malform-02 (mal_formulee)
[judge] malform-04 (mal_formulee)
[judge] geo-01 (edge_geo)
[judge] geo-02 (edge_geo)
[judge] geo-03 (edge_geo)
[judge] geo-04 (edge_geo)
[judge] geo-05 (edge_geo)
[judge] base-01 (baseline_inscope)
[judge] base-02 (baseline_inscope)
[judge] base-03 (baseline_inscope)
[judge] base-04 (baseline_inscope)
[judge] adv-01 (adversarial)
[judge] adv-04 (adversarial)
[judge] adv-05 (adversarial)
[judge] precision-urgent-01 (detresse_precision)
[judge] subst-01 (substitution_metrique)
[judge] subst-02 (substitution_metrique)
[done] 42 -> audit_empirique_2026-06-09/results/groundedness_v2.json
