[judge] fact-001 (factuelle_precise)
[judge] fact-002 (factuelle_precise)
[judge] fact-003 (factuelle_precise)
[judge] fact-004 (factuelle_precise)
[judge] fact-005 (factuelle_precise)
[judge] fact-006 (factuelle_precise)
[judge] fact-007 (factuelle_precise)
[judge] fact-008 (factuelle_precise)
[judge] fact-009 (factuelle_precise)
[judge] fact-010 (factuelle_precise)
[judge] fact-011 (factuelle_precise)
[judge] fact-012 (factuelle_precise)
[judge] fact-013 (factuelle_precise)
[judge] fact-014 (factuelle_precise)
[judge] fact-015 (factuelle_precise)
[judge] fact-016 (factuelle_precise)
[judge] fact-017 (factuelle_precise)
[judge] fact-018 (factuelle_precise)
[judge] fact-019 (factuelle_precise)
[judge] fact-020 (factuelle_precise)
[judge] fact-021 (factuelle_precise)
[judge] fact-022 (factuelle_precise)
[judge] fact-023 (factuelle_precise)
[judge] fact-024 (factuelle_precise)
[judge] fact-025 (factuelle_precise)
[judge] hp-009 (hors_perimetre)
[judge] hp-010 (hors_perimetre)
[judge] hp-011 (hors_perimetre)
[judge] hp-012 (hors_perimetre)
[judge] detresse-prec-001 (detresse_precision)
[judge] detresse-prec-003 (detresse_precision)
[judge] comp-001 (comparaison)
[judge] comp-002 (comparaison)
[judge] comp-003 (comparaison)
[judge] comp-004 (comparaison)
[judge] comp-005 (comparaison)
[judge] comp-006 (comparaison)
[judge] comp-007 (comparaison)
[judge] comp-008 (comparaison)
[judge] malform-001 (mal_formulee)
[judge] malform-002 (mal_formulee)
[judge] malform-003 (mal_formulee)
[judge] malform-005 (mal_formulee)
[judge] malform-006 (mal_formulee)
[judge] geo-001 (edge_geo)
[judge] geo-002 (edge_geo)
[judge] geo-003 (edge_geo)
[judge] geo-004 (edge_geo)
[judge] geo-005 (edge_geo)
[judge] geo-006 (edge_geo)
[judge] geo-007 (edge_geo)
[judge] geo-008 (edge_geo)
[judge] geo-009 (edge_geo)
[judge] geo-010 (edge_geo)
[judge] geo-011 (edge_geo)
[judge] geo-012 (edge_geo)
[judge] geo-013 (edge_geo)
[judge] metier-001 (metier)
[judge] metier-002 (metier)
[judge] metier-003 (metier)
[judge] metier-004 (metier)
[judge] metier-005 (metier)
[judge] metier-006 (metier)
[judge] metier-007 (metier)
[judge] metier-008 (metier)
[judge] metier-009 (metier)
[judge] metier-010 (metier)
[judge] metier-011 (metier)
[judge] metier-012 (metier)
[judge] metier-013 (metier)
[judge] metier-014 (metier)
[judge] metier-015 (metier)
[judge] metier-016 (metier)
[judge] metier-017 (metier)
[judge] metier-018 (metier)
[judge] metier-019 (metier)
[judge] metier-020 (metier)
[judge] metier-021 (metier)
[judge] metier-022 (metier)
[judge] metier-023 (metier)
[judge] metier-024 (metier)
[judge] metier-025 (metier)
[judge] metier-026 (metier)
[judge] metier-027 (metier)
[judge] metier-028 (metier)
[judge] metier-029 (metier)
[judge] metier-030 (metier)
[judge] reconv-001 (reconversion_adulte)
[judge] reconv-002 (reconversion_adulte)
[judge] reconv-003 (reconversion_adulte)
[judge] reconv-004 (reconversion_adulte)
[judge] reconv-005 (reconversion_adulte)
[judge] reconv-006 (reconversion_adulte)
[judge] reconv-007 (reconversion_adulte)
[judge] base-001 (baseline_inscope)
[judge] base-002 (baseline_inscope)
[judge] base-003 (baseline_inscope)
[judge] base-004 (baseline_inscope)
[judge] base-005 (baseline_inscope)
[judge] base-006 (baseline_inscope)
[judge] base-007 (baseline_inscope)
[judge] adv-001 (adversarial)
[judge] adv-004 (adversarial)
[judge] adv-005 (adversarial)
[judge] adv-006 (adversarial)
[judge] bias-001 (anti_biais_sociodemo)
[judge] bias-002 (anti_biais_sociodemo)
[judge] bias-003 (anti_biais_sociodemo)
[judge] bias-004 (anti_biais_sociodemo)
[judge] bias-005 (anti_biais_sociodemo)
[judge] bias-006 (anti_biais_sociodemo)
[judge] bias-007 (anti_biais_sociodemo)
[judge] bias-008 (anti_biais_sociodemo)
[judge] bias-009 (anti_biais_sociodemo)
[judge] bias-010 (anti_biais_sociodemo)
[judge] bias-011 (anti_biais_sociodemo)
[judge] bias-012 (anti_biais_sociodemo)
[judge] bias-013 (anti_biais_sociodemo)
[judge] bias-014 (anti_biais_sociodemo)
[judge] bias-015 (anti_biais_sociodemo)
[judge] bias-016 (anti_biais_sociodemo)
[judge] bias-017 (anti_biais_sociodemo)
[judge] bias-018 (anti_biais_sociodemo)
[judge] fact-001-v1 (factuelle_precise)
[judge] fact-002-v1 (factuelle_precise)
[judge] fact-003-v1 (factuelle_precise)
[judge] fact-004-v1 (factuelle_precise)
[judge] fact-005-v1 (factuelle_precise)
[judge] fact-006-v1 (factuelle_precise)
[judge] fact-007-v1 (factuelle_precise)
[judge] fact-008-v1 (factuelle_precise)
[judge] fact-009-v1 (factuelle_precise)
[judge] fact-010-v1 (factuelle_precise)
[judge] fact-011-v1 (factuelle_precise)
[judge] fact-012-v1 (factuelle_precise)
[judge] fact-013-v1 (factuelle_precise)
[judge] fact-014-v1 (factuelle_precise)
[judge] fact-015-v1 (factuelle_precise)
[judge] fact-016-v1 (factuelle_precise)
[judge] fact-017-v1 (factuelle_precise)
[judge] fact-018-v1 (factuelle_precise)
[judge] fact-019-v1 (factuelle_precise)
[judge] fact-020-v1 (factuelle_precise)
[judge] fact-021-v1 (factuelle_precise)
[judge] fact-022-v1 (factuelle_precise)
[judge] fact-023-v1 (factuelle_precise)
[judge] fact-024-v1 (factuelle_precise)
[judge] fact-025-v1 (factuelle_precise)
[judge] hp-009-v1 (hors_perimetre)
[judge] hp-010-v1 (hors_perimetre)
[judge] hp-011-v1 (hors_perimetre)
[judge] hp-012-v1 (hors_perimetre)
[judge] comp-001-v1 (comparaison)
[judge] comp-002-v1 (comparaison)
[judge] comp-003-v1 (comparaison)
[judge] comp-004-v1 (comparaison)
[judge] comp-005-v1 (comparaison)
[judge] comp-006-v1 (comparaison)
[judge] comp-007-v1 (comparaison)
[judge] comp-008-v1 (comparaison)
[judge] malform-001-v1 (mal_formulee)
[judge] malform-002-v1 (mal_formulee)
[judge] malform-003-v1 (mal_formulee)
[judge] malform-005-v1 (mal_formulee)
[judge] malform-006-v1 (mal_formulee)
[judge] geo-001-v1 (edge_geo)
[judge] geo-002-v1 (edge_geo)
[judge] geo-003-v1 (edge_geo)
[judge] geo-004-v1 (edge_geo)
[judge] geo-005-v1 (edge_geo)
[judge] geo-006-v1 (edge_geo)
[judge] geo-007-v1 (edge_geo)
[judge] geo-008-v1 (edge_geo)
[judge] geo-009-v1 (edge_geo)
[judge] geo-010-v1 (edge_geo)
[judge] geo-011-v1 (edge_geo)
[judge] geo-012-v1 (edge_geo)
[judge] geo-013-v1 (edge_geo)
[judge] metier-001-v1 (metier)
[judge] metier-002-v1 (metier)
[judge] metier-003-v1 (metier)
[judge] metier-004-v1 (metier)
[judge] metier-005-v1 (metier)
[judge] metier-006-v1 (metier)
[judge] metier-007-v1 (metier)
[judge] metier-008-v1 (metier)
[judge] metier-009-v1 (metier)
[judge] metier-010-v1 (metier)
[judge] metier-011-v1 (metier)
[judge] metier-012-v1 (metier)
[judge] metier-013-v1 (metier)
[judge] metier-014-v1 (metier)
[judge] metier-015-v1 (metier)
[judge] metier-016-v1 (metier)
[judge] metier-017-v1 (metier)
[judge] metier-018-v1 (metier)
[judge] metier-019-v1 (metier)
[judge] metier-020-v1 (metier)
[judge] metier-021-v1 (metier)
[judge] metier-022-v1 (metier)
[judge] metier-023-v1 (metier)
[judge] metier-024-v1 (metier)
[judge] metier-025-v1 (metier)
[judge] metier-026-v1 (metier)
[judge] metier-027-v1 (metier)
[judge] metier-028-v1 (metier)
[judge] metier-029-v1 (metier)
[judge] metier-030-v1 (metier)
[judge] reconv-001-v1 (reconversion_adulte)
[judge] reconv-002-v1 (reconversion_adulte)
[judge] reconv-003-v1 (reconversion_adulte)
[judge] reconv-004-v1 (reconversion_adulte)
[judge] reconv-005-v1 (reconversion_adulte)
[judge] reconv-006-v1 (reconversion_adulte)
[judge] reconv-007-v1 (reconversion_adulte)
[judge] base-001-v1 (baseline_inscope)
[judge] base-002-v1 (baseline_inscope)
[judge] base-003-v1 (baseline_inscope)
[judge] base-004-v1 (baseline_inscope)
[judge] base-005-v1 (baseline_inscope)
[judge] base-006-v1 (baseline_inscope)
[judge] base-007-v1 (baseline_inscope)
[judge] adv-001-v1 (adversarial)
[judge] adv-004-v1 (adversarial)
[judge] adv-005-v1 (adversarial)
[judge] adv-006-v1 (adversarial)
[judge] fact-001-v2 (factuelle_precise)
[judge] fact-002-v2 (factuelle_precise)
[judge] fact-003-v2 (factuelle_precise)
[judge] fact-004-v2 (factuelle_precise)
[judge] fact-005-v2 (factuelle_precise)
[judge] fact-006-v2 (factuelle_precise)
[judge] fact-007-v2 (factuelle_precise)
[judge] fact-008-v2 (factuelle_precise)
[judge] fact-009-v2 (factuelle_precise)
[judge] fact-010-v2 (factuelle_precise)
[judge] fact-011-v2 (factuelle_precise)
[judge] fact-012-v2 (factuelle_precise)
[judge] fact-013-v2 (factuelle_precise)
[judge] fact-014-v2 (factuelle_precise)
[judge] fact-015-v2 (factuelle_precise)
[judge] fact-016-v2 (factuelle_precise)
[judge] fact-017-v2 (factuelle_precise)
[judge] fact-018-v2 (factuelle_precise)
[judge] fact-019-v2 (factuelle_precise)
[judge] fact-020-v2 (factuelle_precise)
[judge] fact-021-v2 (factuelle_precise)
[judge] fact-022-v2 (factuelle_precise)
[judge] fact-023-v2 (factuelle_precise)
[judge] fact-024-v2 (factuelle_precise)
[judge] fact-025-v2 (factuelle_precise)
[judge] hp-009-v2 (hors_perimetre)
[judge] hp-010-v2 (hors_perimetre)
[judge] hp-011-v2 (hors_perimetre)
[judge] hp-012-v2 (hors_perimetre)
[judge] comp-001-v2 (comparaison)
[judge] comp-002-v2 (comparaison)
[judge] comp-003-v2 (comparaison)
[judge] comp-004-v2 (comparaison)
[judge] comp-005-v2 (comparaison)
[judge] comp-006-v2 (comparaison)
[judge] comp-007-v2 (comparaison)
[judge] comp-008-v2 (comparaison)
[judge] malform-001-v2 (mal_formulee)
[judge] malform-002-v2 (mal_formulee)
[judge] malform-003-v2 (mal_formulee)
[judge] malform-005-v2 (mal_formulee)
[judge] malform-006-v2 (mal_formulee)
[judge] geo-001-v2 (edge_geo)
[judge] geo-002-v2 (edge_geo)
[judge] geo-003-v2 (edge_geo)
[judge] geo-004-v2 (edge_geo)
[judge] geo-005-v2 (edge_geo)
[judge] geo-006-v2 (edge_geo)
[judge] geo-007-v2 (edge_geo)
[judge] geo-008-v2 (edge_geo)
[judge] geo-009-v2 (edge_geo)
[judge] geo-010-v2 (edge_geo)
[judge] geo-011-v2 (edge_geo)
[judge] geo-012-v2 (edge_geo)
[judge] geo-013-v2 (edge_geo)
[judge] metier-001-v2 (metier)
[judge] metier-002-v2 (metier)
[judge] metier-003-v2 (metier)
[judge] metier-004-v2 (metier)
[judge] metier-005-v2 (metier)
[judge] metier-006-v2 (metier)
[judge] metier-007-v2 (metier)
[judge] metier-008-v2 (metier)
[judge] metier-009-v2 (metier)
[judge] metier-010-v2 (metier)
[judge] metier-011-v2 (metier)
[judge] metier-012-v2 (metier)
[judge] metier-013-v2 (metier)
[judge] metier-014-v2 (metier)
[judge] metier-015-v2 (metier)
[judge] metier-016-v2 (metier)
[judge] metier-017-v2 (metier)
[judge] metier-018-v2 (metier)
[judge] metier-019-v2 (metier)
[judge] metier-020-v2 (metier)
[judge] metier-021-v2 (metier)
[judge] metier-022-v2 (metier)
[judge] metier-023-v2 (metier)
[judge] metier-024-v2 (metier)
[judge] metier-025-v2 (metier)
[judge] metier-026-v2 (metier)
[judge] metier-027-v2 (metier)
[judge] metier-028-v2 (metier)
[judge] metier-029-v2 (metier)
[judge] metier-030-v2 (metier)
[judge] reconv-001-v2 (reconversion_adulte)
[judge] reconv-002-v2 (reconversion_adulte)
[judge] reconv-003-v2 (reconversion_adulte)
[judge] reconv-004-v2 (reconversion_adulte)
[judge] reconv-005-v2 (reconversion_adulte)
[judge] reconv-006-v2 (reconversion_adulte)
[judge] reconv-007-v2 (reconversion_adulte)
[judge] base-001-v2 (baseline_inscope)
[judge] base-002-v2 (baseline_inscope)
[judge] base-003-v2 (baseline_inscope)
[judge] base-004-v2 (baseline_inscope)
[judge] base-005-v2 (baseline_inscope)
[judge] base-006-v2 (baseline_inscope)
[judge] base-007-v2 (baseline_inscope)
[judge] adv-001-v2 (adversarial)
[judge] adv-004-v2 (adversarial)
[judge] adv-005-v2 (adversarial)
[judge] adv-006-v2 (adversarial)
[judge] fact-001-v3 (factuelle_precise)
[judge] fact-002-v3 (factuelle_precise)
[judge] fact-003-v3 (factuelle_precise)
[judge] fact-004-v3 (factuelle_precise)
[judge] fact-005-v3 (factuelle_precise)
[judge] fact-006-v3 (factuelle_precise)
[judge] fact-007-v3 (factuelle_precise)
[judge] fact-008-v3 (factuelle_precise)
[judge] fact-009-v3 (factuelle_precise)
[judge] fact-010-v3 (factuelle_precise)
[judge] fact-011-v3 (factuelle_precise)
[judge] fact-012-v3 (factuelle_precise)
[judge] fact-013-v3 (factuelle_precise)
[judge] fact-014-v3 (factuelle_precise)
[judge] fact-015-v3 (factuelle_precise)
[judge] fact-016-v3 (factuelle_precise)
[judge] fact-017-v3 (factuelle_precise)
[judge] fact-018-v3 (factuelle_precise)
[judge] fact-019-v3 (factuelle_precise)
[judge] fact-020-v3 (factuelle_precise)
[judge] fact-021-v3 (factuelle_precise)
[judge] fact-022-v3 (factuelle_precise)
[judge] fact-023-v3 (factuelle_precise)
[judge] fact-024-v3 (factuelle_precise)
[judge] fact-025-v3 (factuelle_precise)
[judge] hp-009-v3 (hors_perimetre)
[judge] hp-010-v3 (hors_perimetre)
[judge] hp-011-v3 (hors_perimetre)
[judge] hp-012-v3 (hors_perimetre)
[judge] comp-001-v3 (comparaison)
[judge] comp-002-v3 (comparaison)
[judge] comp-003-v3 (comparaison)
[judge] comp-004-v3 (comparaison)
[judge] comp-005-v3 (comparaison)
[judge] comp-006-v3 (comparaison)
[judge] comp-007-v3 (comparaison)
[judge] comp-008-v3 (comparaison)
[judge] malform-001-v3 (mal_formulee)
[judge] malform-002-v3 (mal_formulee)
[judge] malform-003-v3 (mal_formulee)
[judge] malform-005-v3 (mal_formulee)
[judge] malform-006-v3 (mal_formulee)
[judge] geo-001-v3 (edge_geo)
[judge] geo-002-v3 (edge_geo)
[judge] geo-003-v3 (edge_geo)
[judge] geo-004-v3 (edge_geo)
[judge] geo-005-v3 (edge_geo)
[judge] geo-006-v3 (edge_geo)
[judge] geo-007-v3 (edge_geo)
[judge] geo-008-v3 (edge_geo)
[judge] geo-009-v3 (edge_geo)
[judge] geo-010-v3 (edge_geo)
[judge] geo-011-v3 (edge_geo)
[judge] geo-012-v3 (edge_geo)
[judge] geo-013-v3 (edge_geo)
[judge] metier-001-v3 (metier)
[judge] metier-002-v3 (metier)
[judge] metier-003-v3 (metier)
[judge] metier-004-v3 (metier)
[judge] metier-005-v3 (metier)
[judge] metier-006-v3 (metier)
[judge] metier-007-v3 (metier)
[judge] metier-008-v3 (metier)
[judge] metier-009-v3 (metier)
[judge] metier-010-v3 (metier)
[judge] metier-011-v3 (metier)
[judge] metier-012-v3 (metier)
[judge] metier-013-v3 (metier)
[judge] metier-014-v3 (metier)
[judge] metier-015-v3 (metier)
[judge] metier-016-v3 (metier)
[judge] metier-017-v3 (metier)
[judge] metier-018-v3 (metier)
[judge] metier-019-v3 (metier)
[judge] metier-020-v3 (metier)
[judge] metier-021-v3 (metier)
[judge] metier-022-v3 (metier)
[judge] metier-023-v3 (metier)
[judge] metier-024-v3 (metier)
[judge] metier-025-v3 (metier)
[judge] metier-026-v3 (metier)
[judge] metier-027-v3 (metier)
[judge] metier-028-v3 (metier)
[judge] metier-029-v3 (metier)
[judge] metier-030-v3 (metier)
[judge] reconv-001-v3 (reconversion_adulte)
[judge] reconv-002-v3 (reconversion_adulte)
[judge] reconv-003-v3 (reconversion_adulte)
[judge] reconv-004-v3 (reconversion_adulte)
[judge] reconv-005-v3 (reconversion_adulte)
[judge] reconv-006-v3 (reconversion_adulte)
[judge] reconv-007-v3 (reconversion_adulte)
[judge] base-001-v3 (baseline_inscope)
[judge] base-002-v3 (baseline_inscope)
[judge] base-003-v3 (baseline_inscope)
[judge] base-004-v3 (baseline_inscope)
[judge] base-005-v3 (baseline_inscope)
[judge] base-006-v3 (baseline_inscope)
[judge] base-007-v3 (baseline_inscope)
[judge] adv-001-v3 (adversarial)
[judge] adv-002-v3 (adversarial)
[judge] adv-004-v3 (adversarial)
[judge] adv-005-v3 (adversarial)
[judge] adv-006-v3 (adversarial)
[done] 497 -> audit_empirique_2026-06-09/results/groundedness_full.json
